[foodry-store-demo.myshopify.com/index.html]
[backblue.gif]
[fade.gif]
[index.html]
[cdn.shopify.com/s/files/1/0414/0069/6999/t/2/assets/favicon2c67.png]
[cdn.shopify.com/s/files/1/0414/0069/6999/t/2/assets/icon-for-mobile062d.png]
[cdn.shopify.com/s/files/1/0414/0069/6999/t/2/assets/icon-for-mobile_57x57062d.png]
[cdn.shopify.com/s/files/1/0414/0069/6999/t/2/assets/icon-for-mobile_60x60062d.png]
[cdn.shopify.com/s/files/1/0414/0069/6999/t/2/assets/icon-for-mobile_72x72062d.png]
[cdn.shopify.com/s/files/1/0414/0069/6999/t/2/assets/icon-for-mobile_76x76062d.png]
[cdn.shopify.com/s/files/1/0414/0069/6999/t/2/assets/icon-for-mobile_114x114062d.png]
[cdn.shopify.com/s/files/1/0414/0069/6999/t/2/assets/icon-for-mobile_120x120062d.png]
[cdn.shopify.com/s/files/1/0414/0069/6999/t/2/assets/icon-for-mobile_144x144062d.png]
[cdn.shopify.com/s/files/1/0414/0069/6999/t/2/assets/icon-for-mobile_152x152062d.png]
[cdn.shopify.com/s/files/1/0414/0069/6999/t/2/assets/logo062d.png]
[cdn.shopify.com/s/files/1/0414/0069/6999/t/2/assets/timber.scss557f.css]
[cdn.shopify.com/s/files/1/0414/0069/6999/t/2/assets/bootstrap.min0d61.css]
[cdn.shopify.com/s/files/1/0414/0069/6999/t/2/assets/slick97ee.css]
[cdn.shopify.com/s/files/1/0414/0069/6999/t/2/assets/slick-theme2775.css]
[cdn.shopify.com/s/files/1/0414/0069/6999/t/2/assets/jquery.fancybox.min31da.css]
[cdn.shopify.com/s/files/1/0414/0069/6999/t/2/assets/style-main.scss6660.css]
[cdn.shopify.com/s/files/1/0414/0069/6999/t/2/assets/engo-customize.scss2287.css]
[cdn.shopify.com/s/files/1/0414/0069/6999/t/2/assets/animate.min4dd7.css]
[cdn.shopify.com/shopifycloud/storefront-recaptcha-v3/v0.6/index.js]
[cdn.shopify.com/shopifycloud/shopify/assets/storefront/load_feature-8efd97e96728f91aa74d4a6e8acbe8011adda17d2c0b6ccd8600a1bdd2453392.js]
[cdn.shopify.com/shopifycloud/shopify/assets/storefront/features-87e8399988880142f2c62771b9d8f2ff6c290b3ff745dd426eb0dfe0db9d1dae.js]
[cdn.shopify.com/s/files/1/0414/0069/6999/t/2/compiled_assets/styles062d.css]
[cdnjs.cloudflare.com/ajax/libs/font-awesome/4.7.0/css/font-awesome.min.css]
[cdn.shopify.com/s/files/1/0414/0069/6999/t/2/assets/jquery-3.5.0.minf57b.js]
[cdn.shopify.com/shopifycloud/shopify/assets/themes_support/api.jquery-e94e010e92e659b566dbc436fdfe5242764380e00398907a14955ba301a4749f.js]
[cdn.shopify.com/s/files/1/0414/0069/6999/t/2/assets/modernizr-2.8.3.min3774.js]
[cdn.shopify.com/shopifycloud/shopify/assets/themes_support/option_selection-fe6b72c2bbdd3369ac0bfefe8648e3c889efca213baefd4cfb0dd9363563831f.js]
[cdn.shopify.com/s/files/1/0414/0069/6999/t/2/assets/lazysizes.min5279.js]
[cdn.shopify.com/s/files/1/0414/0069/6999/t/2/assets/loader3389.gif]
[foodry-store-demo.myshopify.com/POST.3c.delayed]
[cdn.shopify.com/s/trekkie.storefront.61e828e6777cdb0a282d318c770e463a59ad464f.min.js]
[cdn.shopify.com/shopifycloud/boomerang/shopify-boomerang-1.0.0.min.js]
[cdn.shopify.com/shopifycloud/shopify/assets/shop_events_listener-fa61fd11817b231631d2fe43dc869d0b1d14a06332792d42f1a1d94bda5aa31e.js]
[cdn.shopify.com/s/files/1/0414/0069/6999/files/menu-h11f5d.jpg]
[cdn.shopify.com/s/files/1/0414/0069/6999/files/menu-h21f5d.jpg]
[cdn.shopify.com/s/files/1/0414/0069/6999/files/menu-h31f5d.jpg]
[cdn.shopify.com/s/files/1/0414/0069/6999/files/menu-h41f5d.jpg]
[cdn.shopify.com/s/files/1/0414/0069/6999/files/menu-h51f5d.jpg]
[foodry-store-demo.myshopify.com/collections/all.html]
[cdn.shopify.com/s/files/1/0414/0069/6999/t/2/assets/apmenuitem_ihtml_23ef1.jpg]
[foodry-store-demo.myshopify.com/pages/product-hover.html]
[foodry-store-demo.myshopify.com/pages/about-us.html]
[foodry-store-demo.myshopify.com/pages/about-us-2.html]
[foodry-store-demo.myshopify.com/pages/contact-us-2.html]
[foodry-store-demo.myshopify.com/pages/faqs.html]
[foodry-store-demo.myshopify.com/404]
[foodry-store-demo.myshopify.com/account/login.html]
[foodry-store-demo.myshopify.com/cart.html]
[foodry-store-demo.myshopify.com/products/royal-canin-exigent-cats-1.html]
[cdn.shopify.com/s/files/1/0414/0069/6999/products/15bf60.jpg]
[foodry-store-demo.myshopify.com/products/royal-canin-exigent-cats.html]
[cdn.shopify.com/s/files/1/0414/0069/6999/products/12_f81db2d0-9dca-4b73-8be2-8769e27d98b5623c.jpg]
[foodry-store-demo.myshopify.com/products/royal-canin-exigent-cats-2.html]
[cdn.shopify.com/s/files/1/0414/0069/6999/products/228336.jpg]
[foodry-store-demo.myshopify.com/products/wet-cat-food.html]
[cdn.shopify.com/s/files/1/0414/0069/6999/products/5_ce86bc89-6fc4-4053-89e2-687c50d693fa41be.jpg]
[foodry-store-demo.myshopify.com/products/wellbeloved-dry-dog-food.html]
[cdn.shopify.com/s/files/1/0414/0069/6999/products/6_6bfb9c34-19e0-447e-9205-24ee20def0ec7fbe.jpg]
[foodry-store-demo.myshopify.com/products/veterinary-diet-canine.html]
[cdn.shopify.com/s/files/1/0414/0069/6999/products/238575.jpg]
[cdn.shopify.com/s/files/1/0414/0069/6999/files/slideshow-v1b523.jpg]
[cdn.shopify.com/s/files/1/0414/0069/6999/files/slideshow-v1-2b523.jpg]
[cdn.shopify.com/s/files/1/0414/0069/6999/files/189d2.png]
[cdn.shopify.com/s/files/1/0414/0069/6999/files/217a8.png]
[cdn.shopify.com/s/files/1/0414/0069/6999/files/334b5.png]
[foodry-store-demo.myshopify.com/products/rocco-classic.html]
[foodry-store-demo.myshopify.com/products/pedigree-dentastix.html]
[foodry-store-demo.myshopify.com/products/almo-nature-daily.html]
[cdn.shopify.com/s/files/1/0414/0069/6999/files/banner-v58519.jpg]
[cdn.shopify.com/s/files/1/0414/0069/6999/t/2/assets/loading7dc3.gif]
[foodry-store-demo.myshopify.com/products/royal-canin-medium-1.html]
[foodry-store-demo.myshopify.com/products/royal-canin-maxi-5.html]
[cdn.shopify.com/s/files/1/0414/0069/6999/files/Payments37812.png]
[cdn.shopify.com/s/files/1/0414/0069/6999/t/2/assets/fastclick6d29.js]
[cdn.shopify.com/s/javascripts/currencies.js]
[cdn.shopify.com/s/files/1/0414/0069/6999/t/2/assets/jquery.currencies.minb15e.js]
[cdn.shopify.com/s/files/1/0414/0069/6999/t/2/assets/timbera46b.js]
[cdn.shopify.com/s/files/1/0414/0069/6999/t/2/assets/handlebars.min3010.js]
[cdn.shopify.com/s/files/1/0414/0069/6999/t/2/assets/ajax-cart6645.js]
[cdn.shopify.com/s/files/1/0414/0069/6999/t/2/assets/bootstrap.bundle.min189d.js]
[cdn.shopify.com/s/files/1/0414/0069/6999/t/2/assets/slick.min60d7.js]
[cdn.shopify.com/s/files/1/0414/0069/6999/t/2/assets/instafeed.min56d2.js]
[cdn.shopify.com/s/files/1/0414/0069/6999/t/2/assets/jquery.fancybox.min4d67.js]
[cdn.shopify.com/s/files/1/0414/0069/6999/t/2/assets/engo-plugins89fe.js]
[cdn.shopify.com/s/files/1/0414/0069/6999/t/2/assets/quickview3e8f.js]
[cdn.shopify.com/s/files/1/0414/0069/6999/t/2/assets/collection2878.js]
[cdn.shopify.com/s/files/1/0414/0069/6999/t/2/assets/engo-scriptsab3c.js]
[foodry-store-demo.myshopify.com/products/wilderness-dry-dog-food.html]
[foodry-store-demo.myshopify.com/products/royal-canin-maxi-adult.html]
[foodry-store-demo.myshopify.com/products/pro-plan-puppy.html]
[foodry-store-demo.myshopify.com/products/norwegian-forest-cat.html]
[foodry-store-demo.myshopify.com/products/dry-dog-food.html]
[foodry-store-demo.myshopify.com/account/login4236.html]
[cdn.shopify.com/s/files/1/0414/0069/6999/files/popup-newletter7e8f.jpg]
[foodry-store-demo.myshopify.com/index.html]
[cdn.shopify.com/s/files/1/0414/0069/6999/t/2/assets/icon-for-mobile062d.html]
[cdn.shopify.com/s/files/1/0414/0069/6999/t/2/assets/icon-for-mobile_57x57062d.html]
[cdn.shopify.com/s/files/1/0414/0069/6999/t/2/assets/icon-for-mobile_60x60062d.html]
[cdn.shopify.com/s/files/1/0414/0069/6999/t/2/assets/icon-for-mobile_72x72062d.html]
[cdn.shopify.com/s/files/1/0414/0069/6999/t/2/assets/icon-for-mobile_76x76062d.html]
[cdn.shopify.com/s/files/1/0414/0069/6999/t/2/assets/icon-for-mobile_114x114062d.html]
[cdn.shopify.com/s/files/1/0414/0069/6999/t/2/assets/icon-for-mobile_120x120062d.html]
[cdn.shopify.com/s/files/1/0414/0069/6999/t/2/assets/icon-for-mobile_144x144062d.html]
[cdn.shopify.com/s/files/1/0414/0069/6999/t/2/assets/icon-for-mobile_152x152062d.html]
[cdn.shopify.com/s/files/1/0414/0069/6999/t/2/assets/logo062d.html]
[cdn.shopify.com/s/files/1/0414/0069/6999/t/2/assets/timber.scss557f.css]
[cdn.shopify.com/s/files/1/0414/0069/6999/t/2/assets/bootstrap.min0d61.css]
[cdn.shopify.com/s/files/1/0414/0069/6999/t/2/assets/slick97ee.css]
[cdn.shopify.com/s/files/1/0414/0069/6999/t/2/assets/ajax-loader.gif]
[cdn.shopify.com/s/files/1/0414/0069/6999/t/2/assets/slick.eot]
[cdn.shopify.com/s/files/1/0414/0069/6999/t/2/assets/slickd41d.eot]
[cdn.shopify.com/s/files/1/0414/0069/6999/t/2/assets/slick.svg]
[cdn.shopify.com/s/files/1/0414/0069/6999/t/2/assets/slick-theme2775.css]
[cdn.shopify.com/s/files/1/0414/0069/6999/t/2/assets/jquery.fancybox.min31da.css]
[cdn.shopify.com/s/files/1/0414/0069/6999/t/2/assets/style-main.scss6660.css]
[cdn.shopify.com/s/files/1/0414/0069/6999/t/2/assets/engo-customize.scss2287.css]
[cdn.shopify.com/s/files/1/0414/0069/6999/t/2/assets/animate.min4dd7.css]
[cdn.shopify.com/s/files/1/0414/0069/6999/t/2/compiled_assets/styles062d.css]
[cdn.shopify.com/s/files/1/0414/0069/6999/t/2/compiled_assets/scripts062d.js]
[cdnjs.cloudflare.com/ajax/libs/font-awesome/4.7.0/css/font-awesome.min.css]
[foodry-store-demo.myshopify.com/POST.html]
[foodry-store-demo.myshopify.com/index6c6e.html]
[foodry-store-demo.myshopify.com/indexcac8.html]
[foodry-store-demo.myshopify.com/index370e.html]
[foodry-store-demo.myshopify.com/indexdc49.html]
[foodry-store-demo.myshopify.com/index62c7.html]
[cdn.shopify.com/s/files/1/0414/0069/6999/t/6/assets/favicon2c67.png]
[cdn.shopify.com/s/files/1/0414/0069/6999/t/6/assets/icon-for-mobile062d.png]
[cdn.shopify.com/s/files/1/0414/0069/6999/t/6/assets/icon-for-mobile_57x57062d.png]
[cdn.shopify.com/s/files/1/0414/0069/6999/t/6/assets/icon-for-mobile_60x60062d.png]
[cdn.shopify.com/s/files/1/0414/0069/6999/t/6/assets/icon-for-mobile_72x72062d.png]
[cdn.shopify.com/s/files/1/0414/0069/6999/t/6/assets/icon-for-mobile_76x76062d.png]
[cdn.shopify.com/s/files/1/0414/0069/6999/t/6/assets/icon-for-mobile_114x114062d.png]
[cdn.shopify.com/s/files/1/0414/0069/6999/t/6/assets/icon-for-mobile_120x120062d.png]
[cdn.shopify.com/s/files/1/0414/0069/6999/t/6/assets/icon-for-mobile_144x144062d.png]
[cdn.shopify.com/s/files/1/0414/0069/6999/t/6/assets/icon-for-mobile_152x152062d.png]
[cdn.shopify.com/s/files/1/0414/0069/6999/t/6/assets/logo062d.png]
[cdn.shopify.com/s/files/1/0414/0069/6999/t/6/assets/timber.scss5436.css]
[cdn.shopify.com/s/files/1/0414/0069/6999/t/6/assets/bootstrap.min0d61.css]
[cdn.shopify.com/s/files/1/0414/0069/6999/t/6/assets/slick97ee.css]
[cdn.shopify.com/s/files/1/0414/0069/6999/t/6/assets/slick-theme2775.css]
[cdn.shopify.com/s/files/1/0414/0069/6999/t/6/assets/jquery.fancybox.min31da.css]
[cdn.shopify.com/s/files/1/0414/0069/6999/t/6/assets/style-main.scss6660.css]
[cdn.shopify.com/s/files/1/0414/0069/6999/t/6/assets/engo-customize.scssa893.css]
[cdn.shopify.com/s/files/1/0414/0069/6999/t/6/assets/animate.min4dd7.css]
[foodry-store-demo.myshopify.com/collections/all.atom]
[cdn.shopify.com/shopifycloud/shopify/assets/storefront/bars/preview_bar_injector-1e3a713add37dacb26a2846054e5bf73c968340c06cb4dbaa8b985dce031f4cd.js]
[foodry-store-demo.myshopify.com/collections/all4658.html]
[cdn.shopify.com/s/files/1/0414/0069/6999/t/6/assets/jquery-3.5.0.minf57b.js]
[cdn.shopify.com/s/files/1/0414/0069/6999/t/6/assets/modernizr-2.8.3.min3774.js]
[cdn.shopify.com/s/files/1/0414/0069/6999/t/6/assets/lazysizes.min5279.js]
[cdn.shopify.com/s/files/1/0414/0069/6999/t/6/assets/loader3389.gif]
[foodry-store-demo.myshopify.com/collections/POST]
[cdn.shopify.com/s/files/1/0414/0069/6999/t/6/assets/apmenuitem_ihtml_23ef1.jpg]
[cdn.shopify.com/s/files/1/0414/0069/6999/files/sidebar_banner99a5.jpg]
[foodry-store-demo.myshopify.com/search.html]
[foodry-store-demo.myshopify.com/collections/manual.115.delayed]
[foodry-store-demo.myshopify.com/collections/best-selling]
[foodry-store-demo.myshopify.com/collections/title-ascending]
[foodry-store-demo.myshopify.com/collections/price-descending]
[foodry-store-demo.myshopify.com/collections/price-ascending]
[foodry-store-demo.myshopify.com/collections/created-ascending]
[foodry-store-demo.myshopify.com/collections/created-descending]
[cdn.shopify.com/s/files/1/0414/0069/6999/t/6/assets/loading7dc3.gif]
[cdn.shopify.com/s/files/1/0414/0069/6999/t/6/assets/fastclick6d29.js]
[cdn.shopify.com/s/files/1/0414/0069/6999/t/6/assets/jquery.currencies.minb15e.js]
[cdn.shopify.com/s/files/1/0414/0069/6999/t/6/assets/timbera46b.js]
[cdn.shopify.com/s/files/1/0414/0069/6999/t/6/assets/handlebars.min3010.js]
[cdn.shopify.com/s/files/1/0414/0069/6999/t/6/assets/ajax-cart6645.js]
[cdn.shopify.com/s/files/1/0414/0069/6999/t/6/assets/bootstrap.bundle.min189d.js]
[cdn.shopify.com/s/files/1/0414/0069/6999/t/6/assets/slick.min60d7.js]
[cdn.shopify.com/s/files/1/0414/0069/6999/t/6/assets/instafeed.min56d2.js]
[cdn.shopify.com/s/files/1/0414/0069/6999/t/6/assets/jquery.fancybox.min4d67.js]
[cdn.shopify.com/s/files/1/0414/0069/6999/t/6/assets/engo-plugins89fe.js]
[cdn.shopify.com/s/files/1/0414/0069/6999/t/6/assets/quickviewb0f3.js]
[cdn.shopify.com/s/files/1/0414/0069/6999/t/6/assets/collection2878.js]
[cdn.shopify.com/s/files/1/0414/0069/6999/t/6/assets/engo-scriptsab3c.js]
[foodry-store-demo.myshopify.com/collections/all.html]
[foodry-store-demo.myshopify.com/collections/all/index6c6e.html]
[foodry-store-demo.myshopify.com/collections/all/indexcac8.html]
[foodry-store-demo.myshopify.com/collections/all/index370e.html]
[foodry-store-demo.myshopify.com/collections/all/indexdc49.html]
[foodry-store-demo.myshopify.com/collections/all/index62c7.html]
[foodry-store-demo.myshopify.com/collections/all/index4a32.html]
[foodry-store-demo.myshopify.com/collections/all/index2ff4.html]
[foodry-store-demo.myshopify.com/collections/all/index16db.html]
[foodry-store-demo.myshopify.com/collections/all/indexacc9.html]
[foodry-store-demo.myshopify.com/products/pro-plan-puppy/index6c6e.html]
[foodry-store-demo.myshopify.com/products/wellbeloved-dry-dog-food/indexcac8.html]
[foodry-store-demo.myshopify.com/products/norwegian-forest-cat/index370e.html]
[foodry-store-demo.myshopify.com/products/royal-canin-exigent-cats-1/indexdc49.html]
[foodry-store-demo.myshopify.com/products/almo-nature-daily/index62c7.html]
[foodry-store-demo.myshopify.com/products/rocco-classic/index4a32.html]
[foodry-store-demo.myshopify.com/products/pro-plan-puppy/index2ff4.html]
[foodry-store-demo.myshopify.com/products/almo-nature-daily/index16db.html]
[foodry-store-demo.myshopify.com/products/royal-canin-exigent-cats-1/indexacc9.html]
[foodry-store-demo.myshopify.com/products/veterinary-diet-canine/index5c59.html]
[foodry-store-demo.myshopify.com/products/veterinary-diet-canine/index28a0.html]
[foodry-store-demo.myshopify.com/products/royal-canin-medium-1/index6c6e.html]
[foodry-store-demo.myshopify.com/products/pro-plan-puppy/index62c7.html]
[foodry-store-demo.myshopify.com/products/dry-dog-food/index6c6e.html]
[foodry-store-demo.myshopify.com/products/almo-nature-daily/index4a32.html]
[foodry-store-demo.myshopify.com/products/veterinary-diet-canine/indexcac8.html]
[foodry-store-demo.myshopify.com/products/royal-canin-exigent-cats/indexdc49.html]
[foodry-store-demo.myshopify.com/products/pedigree-dentastix/index370e.html]
[foodry-store-demo.myshopify.com/products/royal-canin-exigent-cats-2/index6c6e.html]
[foodry-store-demo.myshopify.com/collections/all/index5c59.html]
[cdn.shopify.com/shopifycloud/shopify/assets/no-image-2048-5e88c1b20e087fb7bbe9a3771824e743c244f437e4f8ba93bbf7b11b53f7824c_medium.gif]
[cdn.shopify.com/s/files/1/0414/0069/6999/t/6/compiled_assets/styles062d.css]
[foodry-store-demo.myshopify.com/pages/POST]
[cdn.shopify.com/s/files/1/0414/0069/6999/files/breacrumbd342.jpg]
[foodry-store-demo.myshopify.com/pages/product-hover.html]
[cdn.shopify.com/s/files/1/0414/0069/6999/t/9/assets/favicon2c67.png]
[cdn.shopify.com/s/files/1/0414/0069/6999/t/9/assets/icon-for-mobile062d.png]
[cdn.shopify.com/s/files/1/0414/0069/6999/t/9/assets/icon-for-mobile_57x57062d.png]
[cdn.shopify.com/s/files/1/0414/0069/6999/t/9/assets/icon-for-mobile_60x60062d.png]
[cdn.shopify.com/s/files/1/0414/0069/6999/t/9/assets/icon-for-mobile_72x72062d.png]
[cdn.shopify.com/s/files/1/0414/0069/6999/t/9/assets/icon-for-mobile_76x76062d.png]
[cdn.shopify.com/s/files/1/0414/0069/6999/t/9/assets/icon-for-mobile_114x114062d.png]
[cdn.shopify.com/s/files/1/0414/0069/6999/t/9/assets/icon-for-mobile_120x120062d.png]
[cdn.shopify.com/s/files/1/0414/0069/6999/t/9/assets/icon-for-mobile_144x144062d.png]
[cdn.shopify.com/s/files/1/0414/0069/6999/t/9/assets/icon-for-mobile_152x152062d.png]
[cdn.shopify.com/s/files/1/0414/0069/6999/t/9/assets/logo062d.png]
[cdn.shopify.com/s/files/1/0414/0069/6999/t/9/assets/timber.scss16bd.css]
[cdn.shopify.com/s/files/1/0414/0069/6999/t/9/assets/bootstrap.min0d61.css]
[cdn.shopify.com/s/files/1/0414/0069/6999/t/9/assets/slick97ee.css]
[cdn.shopify.com/s/files/1/0414/0069/6999/t/9/assets/slick-theme2775.css]
[cdn.shopify.com/s/files/1/0414/0069/6999/t/9/assets/jquery.fancybox.min31da.css]
[cdn.shopify.com/s/files/1/0414/0069/6999/t/9/assets/style-main.scss6660.css]
[cdn.shopify.com/s/files/1/0414/0069/6999/t/9/assets/engo-customize.scss2f26.css]
[cdn.shopify.com/s/files/1/0414/0069/6999/t/9/assets/animate.min4dd7.css]
[cdn.shopify.com/s/files/1/0414/0069/6999/t/9/compiled_assets/styles062d.css]
[cdn.shopify.com/s/files/1/0414/0069/6999/t/9/assets/jquery-3.5.0.minf57b.js]
[cdn.shopify.com/s/files/1/0414/0069/6999/t/9/assets/modernizr-2.8.3.min3774.js]
[cdn.shopify.com/s/files/1/0414/0069/6999/t/9/assets/lazysizes.min5279.js]
[cdn.shopify.com/s/files/1/0414/0069/6999/t/9/assets/loader3389.gif]
[cdn.shopify.com/s/files/1/0414/0069/6999/t/9/assets/apmenuitem_ihtml_23ef1.jpg]
[cdn.shopify.com/s/files/1/0414/0069/6999/files/people1ac39.jpg]
[cdn.shopify.com/s/files/1/0414/0069/6999/files/people3ac39.jpg]
[cdn.shopify.com/s/files/1/0414/0069/6999/files/people2ac39.jpg]
[cdn.shopify.com/s/files/1/0414/0069/6999/files/people4ac39.jpg]
[cdn.shopify.com/s/files/1/0414/0069/6999/files/image-100e08.jpg]
[cdn.shopify.com/s/files/1/0414/0069/6999/files/instagram10f6b.jpg]
[cdn.shopify.com/s/files/1/0414/0069/6999/files/instagram2ae2e.jpg]
[cdn.shopify.com/s/files/1/0414/0069/6999/files/instagram3de00.jpg]
[cdn.shopify.com/s/files/1/0414/0069/6999/files/instagram4d8b9.jpg]
[cdn.shopify.com/s/files/1/0414/0069/6999/files/instagram51900.jpg]
[cdn.shopify.com/s/files/1/0414/0069/6999/files/instagram6d1ba.jpg]
[cdn.shopify.com/s/files/1/0414/0069/6999/files/instagram74175.jpg]
[cdn.shopify.com/s/files/1/0414/0069/6999/files/instagram83587.jpg]
[cdn.shopify.com/s/files/1/0414/0069/6999/files/instagram9548a.jpg]
[cdn.shopify.com/s/files/1/0414/0069/6999/files/instagram1065fc.jpg]
[cdn.shopify.com/s/files/1/0414/0069/6999/t/9/assets/fastclick6d29.js]
[cdn.shopify.com/s/files/1/0414/0069/6999/t/9/assets/jquery.currencies.minb15e.js]
[cdn.shopify.com/s/files/1/0414/0069/6999/t/9/assets/timbera46b.js]
[cdn.shopify.com/s/files/1/0414/0069/6999/t/9/assets/handlebars.min3010.js]
[cdn.shopify.com/s/files/1/0414/0069/6999/t/9/assets/ajax-cart6645.js]
[cdn.shopify.com/s/files/1/0414/0069/6999/t/9/assets/bootstrap.bundle.min189d.js]
[cdn.shopify.com/s/files/1/0414/0069/6999/t/9/assets/slick.min60d7.js]
[cdn.shopify.com/s/files/1/0414/0069/6999/t/9/assets/instafeed.min56d2.js]
[cdn.shopify.com/s/files/1/0414/0069/6999/t/9/assets/jquery.fancybox.min4d67.js]
[cdn.shopify.com/s/files/1/0414/0069/6999/t/9/assets/engo-plugins89fe.js]
[cdn.shopify.com/s/files/1/0414/0069/6999/t/9/assets/quickview3e8f.js]
[cdn.shopify.com/s/files/1/0414/0069/6999/t/9/assets/collection2878.js]
[cdn.shopify.com/s/files/1/0414/0069/6999/t/9/assets/engo-scriptsab3c.js]
[foodry-store-demo.myshopify.com/pages/about-us.html]
[cdn.shopify.com/s/files/1/0414/0069/6999/t/10/assets/favicon2c67.png]
[cdn.shopify.com/s/files/1/0414/0069/6999/t/10/assets/icon-for-mobile062d.png]
[cdn.shopify.com/s/files/1/0414/0069/6999/t/10/assets/icon-for-mobile_57x57062d.png]
[cdn.shopify.com/s/files/1/0414/0069/6999/t/10/assets/icon-for-mobile_60x60062d.png]
[cdn.shopify.com/s/files/1/0414/0069/6999/t/10/assets/icon-for-mobile_72x72062d.png]
[cdn.shopify.com/s/files/1/0414/0069/6999/t/10/assets/icon-for-mobile_76x76062d.png]
[cdn.shopify.com/s/files/1/0414/0069/6999/t/10/assets/icon-for-mobile_114x114062d.png]
[cdn.shopify.com/s/files/1/0414/0069/6999/t/10/assets/icon-for-mobile_120x120062d.png]
[cdn.shopify.com/s/files/1/0414/0069/6999/t/10/assets/icon-for-mobile_144x144062d.png]
[cdn.shopify.com/s/files/1/0414/0069/6999/t/10/assets/icon-for-mobile_152x152062d.png]
[cdn.shopify.com/s/files/1/0414/0069/6999/t/10/assets/logo062d.png]
[cdn.shopify.com/s/files/1/0414/0069/6999/t/10/assets/timber.scss6774.css]
[cdn.shopify.com/s/files/1/0414/0069/6999/t/10/assets/bootstrap.min0d61.css]
[cdn.shopify.com/s/files/1/0414/0069/6999/t/10/assets/slick97ee.css]
[cdn.shopify.com/s/files/1/0414/0069/6999/t/10/assets/slick-theme2775.css]
[cdn.shopify.com/s/files/1/0414/0069/6999/t/10/assets/jquery.fancybox.min31da.css]
[cdn.shopify.com/s/files/1/0414/0069/6999/t/10/assets/style-main.scss6660.css]
[cdn.shopify.com/s/files/1/0414/0069/6999/t/10/assets/engo-customize.scssc684.css]
[cdn.shopify.com/s/files/1/0414/0069/6999/t/10/assets/animate.min4dd7.css]
[cdn.shopify.com/s/files/1/0414/0069/6999/t/10/compiled_assets/styles062d.css]
[cdn.shopify.com/s/files/1/0414/0069/6999/t/10/assets/jquery-3.5.0.minf57b.js]
[cdn.shopify.com/s/files/1/0414/0069/6999/t/10/assets/modernizr-2.8.3.min3774.js]
[cdn.shopify.com/s/files/1/0414/0069/6999/t/10/assets/lazysizes.min5279.js]
[cdn.shopify.com/s/files/1/0414/0069/6999/t/10/assets/loader3389.gif]
[cdn.shopify.com/s/files/1/0414/0069/6999/t/10/assets/apmenuitem_ihtml_23ef1.jpg]
[cdn.shopify.com/s/files/1/0414/0069/6999/files/service0e08.jpg]
[cdn.shopify.com/s/files/1/0414/0069/6999/files/about02_077812.jpg]
[cdn.shopify.com/s/files/1/0414/0069/6999/files/about02_0599a5.jpg]
[cdn.shopify.com/s/files/1/0414/0069/6999/files/about02_097812.jpg]
[cdn.shopify.com/s/files/1/0414/0069/6999/files/about02_037812.jpg]
[cdn.shopify.com/s/files/1/0414/0069/6999/files/about02_160e08.jpg]
[cdn.shopify.com/s/files/1/0414/0069/6999/files/about02_19ac39.jpg]
[cdn.shopify.com/s/files/1/0414/0069/6999/files/about02_17ac39.jpg]
[cdn.shopify.com/s/files/1/0414/0069/6999/t/10/assets/fastclick6d29.js]
[cdn.shopify.com/s/files/1/0414/0069/6999/t/10/assets/jquery.currencies.minb15e.js]
[cdn.shopify.com/s/files/1/0414/0069/6999/t/10/assets/timbera46b.js]
[cdn.shopify.com/s/files/1/0414/0069/6999/t/10/assets/handlebars.min3010.js]
[cdn.shopify.com/s/files/1/0414/0069/6999/t/10/assets/ajax-cart6645.js]
[cdn.shopify.com/s/files/1/0414/0069/6999/t/10/assets/bootstrap.bundle.min189d.js]
[cdn.shopify.com/s/files/1/0414/0069/6999/t/10/assets/slick.min60d7.js]
[cdn.shopify.com/s/files/1/0414/0069/6999/t/10/assets/instafeed.min56d2.js]
[cdn.shopify.com/s/files/1/0414/0069/6999/t/10/assets/jquery.fancybox.min4d67.js]
[cdn.shopify.com/s/files/1/0414/0069/6999/t/10/assets/engo-plugins89fe.js]
[cdn.shopify.com/s/files/1/0414/0069/6999/t/10/assets/quickview3e8f.js]
[cdn.shopify.com/s/files/1/0414/0069/6999/t/10/assets/collection2878.js]
[cdn.shopify.com/s/files/1/0414/0069/6999/t/10/assets/engo-scriptsab3c.js]
[foodry-store-demo.myshopify.com/pages/about-us-2.html]
[cdn.shopify.com/s/files/1/0414/0069/6999/t/7/assets/favicon2c67.png]
[cdn.shopify.com/s/files/1/0414/0069/6999/t/7/assets/icon-for-mobile062d.png]
[cdn.shopify.com/s/files/1/0414/0069/6999/t/7/assets/icon-for-mobile_57x57062d.png]
[cdn.shopify.com/s/files/1/0414/0069/6999/t/7/assets/icon-for-mobile_60x60062d.png]
[cdn.shopify.com/s/files/1/0414/0069/6999/t/7/assets/icon-for-mobile_72x72062d.png]
[cdn.shopify.com/s/files/1/0414/0069/6999/t/7/assets/icon-for-mobile_76x76062d.png]
[cdn.shopify.com/s/files/1/0414/0069/6999/t/7/assets/icon-for-mobile_114x114062d.png]
[cdn.shopify.com/s/files/1/0414/0069/6999/t/7/assets/icon-for-mobile_120x120062d.png]
[cdn.shopify.com/s/files/1/0414/0069/6999/t/7/assets/icon-for-mobile_144x144062d.png]
[cdn.shopify.com/s/files/1/0414/0069/6999/t/7/assets/icon-for-mobile_152x152062d.png]
[cdn.shopify.com/s/files/1/0414/0069/6999/t/7/assets/logo062d.png]
[cdn.shopify.com/s/files/1/0414/0069/6999/t/7/assets/timber.scss958b.css]
[cdn.shopify.com/s/files/1/0414/0069/6999/t/7/assets/bootstrap.min0d61.css]
[cdn.shopify.com/s/files/1/0414/0069/6999/t/7/assets/slick97ee.css]
[cdn.shopify.com/s/files/1/0414/0069/6999/t/7/assets/slick-theme2775.css]
[cdn.shopify.com/s/files/1/0414/0069/6999/t/7/assets/jquery.fancybox.min31da.css]
[cdn.shopify.com/s/files/1/0414/0069/6999/t/7/assets/style-main.scss6660.css]
[cdn.shopify.com/s/files/1/0414/0069/6999/t/7/assets/engo-customize.scss540d.css]
[cdn.shopify.com/s/files/1/0414/0069/6999/t/7/assets/animate.min4dd7.css]
[cdn.shopify.com/s/files/1/0414/0069/6999/t/7/compiled_assets/styles062d.css]
[cdn.shopify.com/s/files/1/0414/0069/6999/t/7/assets/jquery-3.5.0.minf57b.js]
[cdn.shopify.com/s/files/1/0414/0069/6999/t/7/assets/modernizr-2.8.3.min3774.js]
[cdn.shopify.com/s/files/1/0414/0069/6999/t/7/assets/lazysizes.min5279.js]
[cdn.shopify.com/s/files/1/0414/0069/6999/t/7/assets/loader3389.gif]
[cdn.shopify.com/s/files/1/0414/0069/6999/t/7/assets/apmenuitem_ihtml_23ef1.jpg]
[cdn.shopify.com/s/files/1/0414/0069/6999/t/7/assets/fastclick6d29.js]
[cdn.shopify.com/s/files/1/0414/0069/6999/t/7/assets/jquery.currencies.minb15e.js]
[cdn.shopify.com/s/files/1/0414/0069/6999/t/7/assets/timbera46b.js]
[cdn.shopify.com/s/files/1/0414/0069/6999/t/7/assets/handlebars.min3010.js]
[cdn.shopify.com/s/files/1/0414/0069/6999/t/7/assets/ajax-cart6645.js]
[cdn.shopify.com/s/files/1/0414/0069/6999/t/7/assets/gmaps.minf049.js]
[cdn.shopify.com/s/files/1/0414/0069/6999/t/7/assets/bootstrap.bundle.min189d.js]
[cdn.shopify.com/s/files/1/0414/0069/6999/t/7/assets/slick.min60d7.js]
[cdn.shopify.com/s/files/1/0414/0069/6999/t/7/assets/instafeed.min56d2.js]
[cdn.shopify.com/s/files/1/0414/0069/6999/t/7/assets/jquery.fancybox.min4d67.js]
[cdn.shopify.com/s/files/1/0414/0069/6999/t/7/assets/engo-plugins89fe.js]
[cdn.shopify.com/s/files/1/0414/0069/6999/t/7/assets/quickview3e8f.js]
[cdn.shopify.com/s/files/1/0414/0069/6999/t/7/assets/collection2878.js]
[foodry-store-demo.myshopify.com/pages/contact-us-2.html]
[foodry-store-demo.myshopify.com/pages/faqs.html]
[foodry-store-demo.myshopify.com/404.html]
[cdn.shopify.com/s/files/1/0414/0069/6999/t/7/assets/engo-scriptsab3c.js]
[cdn.shopify.com/s/files/1/0414/0069/6999/t/14/assets/favicon2c67.png]
[cdn.shopify.com/s/files/1/0414/0069/6999/t/14/assets/icon-for-mobile062d.png]
[cdn.shopify.com/s/files/1/0414/0069/6999/t/14/assets/icon-for-mobile_57x57062d.png]
[cdn.shopify.com/s/files/1/0414/0069/6999/t/14/assets/icon-for-mobile_60x60062d.png]
[cdn.shopify.com/s/files/1/0414/0069/6999/t/14/assets/icon-for-mobile_72x72062d.png]
[cdn.shopify.com/s/files/1/0414/0069/6999/t/14/assets/icon-for-mobile_76x76062d.png]
[cdn.shopify.com/s/files/1/0414/0069/6999/t/14/assets/icon-for-mobile_114x114062d.png]
[cdn.shopify.com/s/files/1/0414/0069/6999/t/14/assets/icon-for-mobile_120x120062d.png]
[cdn.shopify.com/s/files/1/0414/0069/6999/t/14/assets/icon-for-mobile_144x144062d.png]
[cdn.shopify.com/s/files/1/0414/0069/6999/t/14/assets/icon-for-mobile_152x152062d.png]
[cdn.shopify.com/s/files/1/0414/0069/6999/t/14/assets/logo062d.png]
[cdn.shopify.com/s/files/1/0414/0069/6999/t/14/assets/timber.scss9ceb.css]
[cdn.shopify.com/s/files/1/0414/0069/6999/t/14/assets/bootstrap.min0d61.css]
[cdn.shopify.com/s/files/1/0414/0069/6999/t/14/assets/slick97ee.css]
[cdn.shopify.com/s/files/1/0414/0069/6999/t/14/assets/slick-theme2775.css]
[cdn.shopify.com/s/files/1/0414/0069/6999/t/14/assets/jquery.fancybox.min31da.css]
[cdn.shopify.com/s/files/1/0414/0069/6999/t/14/assets/style-main.scss6660.css]
[cdn.shopify.com/s/files/1/0414/0069/6999/t/14/assets/engo-customize.scssbcc8.css]
[cdn.shopify.com/s/files/1/0414/0069/6999/t/14/assets/animate.min4dd7.css]
[cdn.shopify.com/s/files/1/0414/0069/6999/t/14/assets/jquery-3.5.0.minf57b.js]
[cdn.shopify.com/s/files/1/0414/0069/6999/t/14/assets/modernizr-2.8.3.min3774.js]
[cdn.shopify.com/s/files/1/0414/0069/6999/t/14/assets/lazysizes.min5279.js]
[cdn.shopify.com/s/files/1/0414/0069/6999/t/14/assets/loader3389.gif]
[cdn.shopify.com/shopifycloud/shopify/assets/themes_support/shopify_common-8ea6ac3faf357236a97f5de749df4da6e8436ca107bc3a4ee805cbf08bc47392.js]
[foodry-store-demo.myshopify.com/account/POST.348.delayed]
[cdn.shopify.com/s/files/1/0414/0069/6999/t/14/assets/apmenuitem_ihtml_23ef1.jpg]
[cdn.shopify.com/s/files/1/0414/0069/6999/t/14/assets/fastclick6d29.js]
[cdn.shopify.com/s/files/1/0414/0069/6999/t/14/assets/jquery.currencies.minb15e.js]
[cdn.shopify.com/s/files/1/0414/0069/6999/t/14/assets/timbera46b.js]
[cdn.shopify.com/s/files/1/0414/0069/6999/t/14/assets/handlebars.min3010.js]
[cdn.shopify.com/s/files/1/0414/0069/6999/t/14/assets/ajax-cart6645.js]
[cdn.shopify.com/s/files/1/0414/0069/6999/t/14/assets/bootstrap.bundle.min189d.js]
[cdn.shopify.com/s/files/1/0414/0069/6999/t/14/assets/slick.min60d7.js]
[cdn.shopify.com/s/files/1/0414/0069/6999/t/14/assets/instafeed.min56d2.js]
[cdn.shopify.com/s/files/1/0414/0069/6999/t/14/assets/jquery.fancybox.min4d67.js]
[cdn.shopify.com/s/files/1/0414/0069/6999/t/14/assets/engo-plugins89fe.js]
[cdn.shopify.com/s/files/1/0414/0069/6999/t/14/assets/quickview3e8f.js]
[cdn.shopify.com/s/files/1/0414/0069/6999/t/14/assets/collection2878.js]
[foodry-store-demo.myshopify.com/account/login.html]
[cdn.shopify.com/s/files/1/0414/0069/6999/t/14/assets/engo-scriptsab3c.js]
[cdn.shopify.com/s/files/1/0414/0069/6999/t/14/compiled_assets/styles062d.css]
[foodry-store-demo.myshopify.com/cart.html]
[foodry-store-demo.myshopify.com/blogs/news/index6c6e.html]
[foodry-store-demo.myshopify.com/blogs/news/indexcac8.html]
[foodry-store-demo.myshopify.com/blogs/news/index370e.html]
[foodry-store-demo.myshopify.com/blogs/news/indexdc49.html]
[foodry-store-demo.myshopify.com/blogs/news/index62c7.html]
[foodry-store-demo.myshopify.com/blogs/news/index4a32.html]
[foodry-store-demo.myshopify.com/blogs/news.html]
[foodry-store-demo.myshopify.com/blogs/news/how-all-this-mistaken-idea/index6c6e.html]
[foodry-store-demo.myshopify.com/blogs/news/how-all-this-mistaken-idea/indexcac8.html]
[foodry-store-demo.myshopify.com/blogs/news/how-all-this-mistaken-idea/index370e.html]
[foodry-store-demo.myshopify.com/blogs/news/how-all-this-mistaken-idea.html]
[foodry-store-demo.myshopify.com/blogs/news/spring-summer-fashion/index6c6e.html]
[foodry-store-demo.myshopify.com/blogs/news/spring-summer-fashion.html]
[foodry-store-demo.myshopify.com/blogs/news/search-the-vet-for-your-pet-video/index6c6e.html]
[foodry-store-demo.myshopify.com/blogs/news/search-the-vet-for-your-pet-video.html]
[cdn.shopify.com/s/files/1/0414/0069/6999/products/15_grandebf60.jpg]
[cdn.shopify.com/s/files/1/0414/0069/6999/products/16_86397b55-f7ee-41df-9079-7e060c8c845a_grandebf60.jpg]
[cdn.shopify.com/s/files/1/0414/0069/6999/products/17_f6d3d5f9-cff3-4089-82c9-86a5ec60d317_grandebf60.jpg]
[cdn.shopify.com/s/files/1/0414/0069/6999/products/15_mediumbf60.jpg]
[foodry-store-demo.myshopify.com/products/royal-canin-exigent-cats-1.oembed]
[foodry-store-demo.myshopify.com/products/POST]
[cdn.shopify.com/s/files/1/0414/0069/6999/products/2_80x802faf.jpg]
[cdn.shopify.com/s/files/1/0414/0069/6999/products/12_f81db2d0-9dca-4b73-8be2-8769e27d98b5_80x80623c.jpg]
[foodry-store-demo.myshopify.com/collections/new/products/royal-canin-exigent-cats-1.html]
[foodry-store-demo.myshopify.com/collections/new/products/royal-canin-exigent-cats.html]
[foodry-store-demo.myshopify.com/collections/new/products/royal-canin-exigent-cats-2.html]
[foodry-store-demo.myshopify.com/collections/new/products/wet-cat-food.html]
[cdn.shopify.com/s/files/1/0414/0069/6999/products/16_86397b55-f7ee-41df-9079-7e060c8c845abf60.jpg]
[cdn.shopify.com/s/files/1/0414/0069/6999/products/17_f6d3d5f9-cff3-4089-82c9-86a5ec60d317bf60.jpg]
[foodry-store-demo.myshopify.com/collections/frontpage.html]
[foodry-store-demo.myshopify.com/collections/new.html]
[cdn.shopify.com/s/files/1/0414/0069/6999/files/description171b1.jpg]
[cdn.shopify.com/s/files/1/0414/0069/6999/files/description271b1.jpg]
[cdn.shopify.com/s/files/1/0414/0069/6999/files/description32c34.jpg]
[cdn.shopify.com/s/files/1/0414/0069/6999/products/134bfb.jpg]
[cdn.shopify.com/s/files/1/0414/0069/6999/products/23_f3c84771-ed2b-4d46-8141-37f20cf94b497429.jpg]
[cdn.shopify.com/s/files/1/0414/0069/6999/products/4_c739e2c0-0a31-425b-863a-406a3c8591bf41be.jpg]
[foodry-store-demo.myshopify.com/collections/new/products/wellbeloved-dry-dog-food.html]
[cdn.shopify.com/s/files/1/0414/0069/6999/products/8_71924c20-2613-48b2-93b1-2f8ad1d68be850f6.jpg]
[foodry-store-demo.myshopify.com/collections/new/products/veterinary-diet-canine.html]
[cdn.shopify.com/s/files/1/0414/0069/6999/products/9_f00e27a5-d106-4466-b6f5-705e146eafda8575.jpg]
[foodry-store-demo.myshopify.com/products/royal-canin-exigent-cats-1.html]
[cdn.shopify.com/s/files/1/0414/0069/6999/products/12_f81db2d0-9dca-4b73-8be2-8769e27d98b5_grande623c.jpg]
[cdn.shopify.com/s/files/1/0414/0069/6999/products/11_59ff4a57-5be5-4ded-8a8e-d95eb63eb899_grande623c.jpg]
[cdn.shopify.com/s/files/1/0414/0069/6999/products/13_grande4bfb.jpg]
[cdn.shopify.com/s/files/1/0414/0069/6999/products/12_f81db2d0-9dca-4b73-8be2-8769e27d98b5_medium623c.jpg]
[foodry-store-demo.myshopify.com/products/royal-canin-exigent-cats.oembed]
[cdn.shopify.com/s/files/1/0414/0069/6999/products/15_80x80bf60.jpg]
[cdn.shopify.com/s/files/1/0414/0069/6999/products/22_80x808336.jpg]
[cdn.shopify.com/s/files/1/0414/0069/6999/products/11_59ff4a57-5be5-4ded-8a8e-d95eb63eb899623c.jpg]
[foodry-store-demo.myshopify.com/products/royal-canin-exigent-cats.html]
[foodry-store-demo.myshopify.com/collections/sale.html]
[cdn.shopify.com/s/files/1/0414/0069/6999/products/22_grande8336.jpg]
[cdn.shopify.com/s/files/1/0414/0069/6999/products/7_c27fb33c-0741-4915-9830-28007c648fcf_grande8336.jpg]
[cdn.shopify.com/s/files/1/0414/0069/6999/products/23_f3c84771-ed2b-4d46-8141-37f20cf94b49_grande7429.jpg]
[cdn.shopify.com/s/files/1/0414/0069/6999/products/22_medium8336.jpg]
[foodry-store-demo.myshopify.com/products/royal-canin-exigent-cats-2.oembed]
[cdn.shopify.com/s/files/1/0414/0069/6999/products/5_ce86bc89-6fc4-4053-89e2-687c50d693fa_80x8041be.jpg]
[cdn.shopify.com/s/files/1/0414/0069/6999/products/7_c27fb33c-0741-4915-9830-28007c648fcf8336.jpg]
[foodry-store-demo.myshopify.com/products/royal-canin-exigent-cats-2.html]
[cdn.shopify.com/s/files/1/0414/0069/6999/products/5_ce86bc89-6fc4-4053-89e2-687c50d693fa_grande41be.jpg]
[cdn.shopify.com/s/files/1/0414/0069/6999/products/3_321eb64f-da47-4594-b227-49444314826f_grande41be.jpg]
[cdn.shopify.com/s/files/1/0414/0069/6999/products/4_c739e2c0-0a31-425b-863a-406a3c8591bf_grande41be.jpg]
[cdn.shopify.com/s/files/1/0414/0069/6999/products/5_ce86bc89-6fc4-4053-89e2-687c50d693fa_medium41be.jpg]
[foodry-store-demo.myshopify.com/products/wet-cat-food.oembed]
[cdn.shopify.com/s/files/1/0414/0069/6999/products/6_6bfb9c34-19e0-447e-9205-24ee20def0ec_80x807fbe.jpg]
[cdn.shopify.com/s/files/1/0414/0069/6999/products/3_321eb64f-da47-4594-b227-49444314826f41be.jpg]
[cdn.shopify.com/shopifycloud/shopify/assets/no-image-2048-5e88c1b20e087fb7bbe9a3771824e743c244f437e4f8ba93bbf7b11b53f7824c.gif]
[cdn.shopify.com/s/files/1/0082/8509/3968/t/13/assets/Forma-11442.png]
[foodry-store-demo.myshopify.com/products/wet-cat-food.html]
[cdn.shopify.com/s/files/1/0414/0069/6999/products/6_6bfb9c34-19e0-447e-9205-24ee20def0ec_grande7fbe.jpg]
[cdn.shopify.com/s/files/1/0414/0069/6999/products/7_28fe1c12-514a-490d-8b25-21b223a8fdaf_grande7fbe.jpg]
[cdn.shopify.com/s/files/1/0414/0069/6999/products/8_71924c20-2613-48b2-93b1-2f8ad1d68be8_grande50f6.jpg]
[cdn.shopify.com/s/files/1/0414/0069/6999/products/6_6bfb9c34-19e0-447e-9205-24ee20def0ec_medium7fbe.jpg]
[foodry-store-demo.myshopify.com/products/wellbeloved-dry-dog-food.oembed]
[cdn.shopify.com/s/files/1/0414/0069/6999/products/23_80x808575.jpg]
[cdn.shopify.com/s/files/1/0414/0069/6999/products/7_28fe1c12-514a-490d-8b25-21b223a8fdaf7fbe.jpg]
[foodry-store-demo.myshopify.com/products/wellbeloved-dry-dog-food.html]
[cdn.shopify.com/s/files/1/0414/0069/6999/products/23_grande8575.jpg]
[cdn.shopify.com/s/files/1/0414/0069/6999/products/9_f00e27a5-d106-4466-b6f5-705e146eafda_grande8575.jpg]
[cdn.shopify.com/s/files/1/0414/0069/6999/products/23_medium8575.jpg]
[foodry-store-demo.myshopify.com/products/veterinary-diet-canine.oembed]
[cdn.shopify.com/s/files/1/0414/0069/6999/products/20_80x80e071.jpg]
[foodry-store-demo.myshopify.com/products/veterinary-diet-canine.html]
[cdn.shopify.com/s/files/1/0414/0069/6999/products/19_granded199.jpg]
[cdn.shopify.com/s/files/1/0414/0069/6999/products/20_b474bb1e-a044-4a8d-a960-cf1c6331d0df_granded199.jpg]
[cdn.shopify.com/s/files/1/0414/0069/6999/products/21_granded199.jpg]
[cdn.shopify.com/s/files/1/0414/0069/6999/products/19_mediumd199.jpg]
[foodry-store-demo.myshopify.com/products/rocco-classic.oembed]
[cdn.shopify.com/s/files/1/0414/0069/6999/products/17_80x8060a4.jpg]
[cdn.shopify.com/s/files/1/0414/0069/6999/products/5_80x80cf7f.jpg]
[cdn.shopify.com/s/files/1/0414/0069/6999/products/19d199.jpg]
[cdn.shopify.com/s/files/1/0414/0069/6999/products/20_b474bb1e-a044-4a8d-a960-cf1c6331d0dfd199.jpg]
[cdn.shopify.com/s/files/1/0414/0069/6999/products/21d199.jpg]
[foodry-store-demo.myshopify.com/products/rocco-classic.html]
[cdn.shopify.com/s/files/1/0414/0069/6999/products/7_grandee4cb.jpg]
[cdn.shopify.com/s/files/1/0414/0069/6999/products/22_301201d9-0c4f-477a-98cf-0db20cd55b3c_grandee4cb.jpg]
[cdn.shopify.com/s/files/1/0414/0069/6999/products/7_mediume4cb.jpg]
[foodry-store-demo.myshopify.com/products/pedigree-dentastix.oembed]
[cdn.shopify.com/s/files/1/0414/0069/6999/products/17_6a5686ee-1e32-407f-88af-98a1f53b5e1c_80x805926.jpg]
[cdn.shopify.com/s/files/1/0414/0069/6999/products/7e4cb.jpg]
[cdn.shopify.com/s/files/1/0414/0069/6999/products/22_301201d9-0c4f-477a-98cf-0db20cd55b3ce4cb.jpg]
[foodry-store-demo.myshopify.com/products/pedigree-dentastix.html]
[cdn.shopify.com/s/files/1/0414/0069/6999/products/2_grande2faf.jpg]
[cdn.shopify.com/s/files/1/0414/0069/6999/products/10_grande44f7.jpg]
[cdn.shopify.com/s/files/1/0414/0069/6999/products/5_82d73b73-e021-4e22-aade-e75a558d055a_grande44f7.jpg]
[cdn.shopify.com/s/files/1/0414/0069/6999/products/2_medium2faf.jpg]
[foodry-store-demo.myshopify.com/products/almo-nature-daily.oembed]
[cdn.shopify.com/s/files/1/0414/0069/6999/products/16_dce5a441-c35a-457a-8f4d-d07a359a2bcf_80x80efe9.jpg]
[cdn.shopify.com/s/files/1/0414/0069/6999/products/22faf.jpg]
[cdn.shopify.com/s/files/1/0414/0069/6999/products/1044f7.jpg]
[cdn.shopify.com/s/files/1/0414/0069/6999/products/5_82d73b73-e021-4e22-aade-e75a558d055a44f7.jpg]
[cdn.shopify.com/s/files/1/0414/0069/6999/products/444f7.jpg]
[foodry-store-demo.myshopify.com/products/almo-nature-daily.html]
[cdn.shopify.com/s/files/1/0414/0069/6999/products/20_grandee071.jpg]
[cdn.shopify.com/s/files/1/0414/0069/6999/products/13_1a56dffd-45f2-415e-8012-3bab07ec80f1_grandee071.jpg]
[cdn.shopify.com/s/files/1/0414/0069/6999/products/18_grandee071.jpg]
[cdn.shopify.com/s/files/1/0414/0069/6999/products/20_mediume071.jpg]
[foodry-store-demo.myshopify.com/products/royal-canin-medium-1.oembed]
[cdn.shopify.com/s/files/1/0414/0069/6999/products/11_80x80df2a.jpg]
[cdn.shopify.com/s/files/1/0414/0069/6999/products/20e071.jpg]
[cdn.shopify.com/s/files/1/0414/0069/6999/products/13_1a56dffd-45f2-415e-8012-3bab07ec80f1e071.jpg]
[cdn.shopify.com/s/files/1/0414/0069/6999/products/18e071.jpg]
[foodry-store-demo.myshopify.com/products/royal-canin-medium-1.html]
[cdn.shopify.com/s/files/1/0414/0069/6999/products/11_grandedf2a.jpg]
[cdn.shopify.com/s/files/1/0414/0069/6999/products/12_grandedf2a.jpg]
[cdn.shopify.com/s/files/1/0414/0069/6999/products/20_f92c6462-4f41-4047-aec5-86e0bab5a5c6_grandef38d.jpg]
[cdn.shopify.com/s/files/1/0414/0069/6999/products/11_mediumdf2a.jpg]
[foodry-store-demo.myshopify.com/products/royal-canin-maxi-5.oembed]
[cdn.shopify.com/s/files/1/0414/0069/6999/products/1_4aed6ba2-d3cd-492f-94e1-1bd7e81f9ae1_80x808f6d.jpg]
[cdn.shopify.com/s/files/1/0414/0069/6999/products/11df2a.jpg]
[cdn.shopify.com/s/files/1/0414/0069/6999/products/12df2a.jpg]
[cdn.shopify.com/s/files/1/0414/0069/6999/products/20_f92c6462-4f41-4047-aec5-86e0bab5a5c6f38d.jpg]
[foodry-store-demo.myshopify.com/products/royal-canin-maxi-5.html]
[cdn.shopify.com/s/files/1/0414/0069/6999/products/1_4aed6ba2-d3cd-492f-94e1-1bd7e81f9ae1_grande8f6d.jpg]
[cdn.shopify.com/s/files/1/0414/0069/6999/products/2_d3063fbe-6a22-4514-8d28-b2835bbfe2bd_grandee7d2.jpg]
[cdn.shopify.com/s/files/1/0414/0069/6999/products/3_dca0f58d-2c77-4f65-a6f1-b6924fd8a601_grandee7d2.jpg]
[cdn.shopify.com/s/files/1/0414/0069/6999/products/1_4aed6ba2-d3cd-492f-94e1-1bd7e81f9ae1_medium8f6d.jpg]
[foodry-store-demo.myshopify.com/products/wilderness-dry-dog-food.oembed]
[cdn.shopify.com/s/files/1/0414/0069/6999/products/1_4aed6ba2-d3cd-492f-94e1-1bd7e81f9ae18f6d.jpg]
[cdn.shopify.com/s/files/1/0414/0069/6999/products/2_d3063fbe-6a22-4514-8d28-b2835bbfe2bde7d2.jpg]
[cdn.shopify.com/s/files/1/0414/0069/6999/products/3_dca0f58d-2c77-4f65-a6f1-b6924fd8a601e7d2.jpg]
[foodry-store-demo.myshopify.com/products/wilderness-dry-dog-food.html]
[cdn.shopify.com/s/files/1/0414/0069/6999/products/17_grande60a4.jpg]
[cdn.shopify.com/s/files/1/0414/0069/6999/products/16_grande60a4.jpg]
[cdn.shopify.com/s/files/1/0414/0069/6999/products/18_229fb60f-8502-4d81-ac81-12fe33639963_grande7947.jpg]
[cdn.shopify.com/s/files/1/0414/0069/6999/products/17_medium60a4.jpg]
[foodry-store-demo.myshopify.com/products/royal-canin-maxi-adult.oembed]
[cdn.shopify.com/s/files/1/0414/0069/6999/products/19_80x80d199.jpg]
[cdn.shopify.com/s/files/1/0414/0069/6999/products/1760a4.jpg]
[cdn.shopify.com/s/files/1/0414/0069/6999/products/1660a4.jpg]
[cdn.shopify.com/s/files/1/0414/0069/6999/products/18_229fb60f-8502-4d81-ac81-12fe336399637947.jpg]
[foodry-store-demo.myshopify.com/products/royal-canin-maxi-adult.html]
[cdn.shopify.com/s/files/1/0414/0069/6999/products/5_grandecf7f.jpg]
[cdn.shopify.com/s/files/1/0414/0069/6999/products/8_grandecf7f.jpg]
[cdn.shopify.com/s/files/1/0414/0069/6999/products/4_a2e1352d-86f7-40d3-859c-d97999f417ca_grandecf7f.jpg]
[cdn.shopify.com/s/files/1/0414/0069/6999/products/5_mediumcf7f.jpg]
[foodry-store-demo.myshopify.com/products/pro-plan-puppy.oembed]
[cdn.shopify.com/s/files/1/0414/0069/6999/products/7_80x80e4cb.jpg]
[cdn.shopify.com/s/files/1/0414/0069/6999/products/5cf7f.jpg]
[cdn.shopify.com/s/files/1/0414/0069/6999/products/8cf7f.jpg]
[cdn.shopify.com/s/files/1/0414/0069/6999/products/4_a2e1352d-86f7-40d3-859c-d97999f417cacf7f.jpg]
[cdn.shopify.com/s/files/1/0414/0069/6999/files/yellow062d.png]
[foodry-store-demo.myshopify.com/products/pro-plan-puppy.html]
[cdn.shopify.com/s/files/1/0414/0069/6999/products/17_6a5686ee-1e32-407f-88af-98a1f53b5e1c_grande5926.jpg]
[cdn.shopify.com/s/files/1/0414/0069/6999/products/18_fc4adf4c-7381-4473-a2e1-337c1ec7bba3_grande5926.jpg]
[cdn.shopify.com/s/files/1/0414/0069/6999/products/19_2e30303c-369a-407f-8266-49c0c9ed0dec_grande5926.jpg]
[cdn.shopify.com/s/files/1/0414/0069/6999/products/17_6a5686ee-1e32-407f-88af-98a1f53b5e1c_medium5926.jpg]
[foodry-store-demo.myshopify.com/products/norwegian-forest-cat.oembed]
[cdn.shopify.com/s/files/1/0414/0069/6999/products/17_6a5686ee-1e32-407f-88af-98a1f53b5e1c5926.jpg]
[cdn.shopify.com/s/files/1/0414/0069/6999/products/18_fc4adf4c-7381-4473-a2e1-337c1ec7bba35926.jpg]
[cdn.shopify.com/s/files/1/0414/0069/6999/products/19_2e30303c-369a-407f-8266-49c0c9ed0dec5926.jpg]
[foodry-store-demo.myshopify.com/products/norwegian-forest-cat.html]
[cdn.shopify.com/s/files/1/0414/0069/6999/products/16_dce5a441-c35a-457a-8f4d-d07a359a2bcf_grandeefe9.jpg]
[cdn.shopify.com/s/files/1/0414/0069/6999/products/17_50428b38-d441-4ec2-bec0-e884ae94265e_grandeefe9.jpg]
[cdn.shopify.com/s/files/1/0414/0069/6999/products/18_944c860c-30e2-47dd-b863-3da7e3937fae_grandebd74.jpg]
[cdn.shopify.com/s/files/1/0414/0069/6999/products/16_dce5a441-c35a-457a-8f4d-d07a359a2bcf_mediumefe9.jpg]
[foodry-store-demo.myshopify.com/products/dry-dog-food.oembed]
[cdn.shopify.com/s/files/1/0414/0069/6999/products/16_dce5a441-c35a-457a-8f4d-d07a359a2bcfefe9.jpg]
[cdn.shopify.com/s/files/1/0414/0069/6999/products/17_50428b38-d441-4ec2-bec0-e884ae94265eefe9.jpg]
[cdn.shopify.com/s/files/1/0414/0069/6999/products/18_944c860c-30e2-47dd-b863-3da7e3937faebd74.jpg]
[foodry-store-demo.myshopify.com/products/dry-dog-food.html]
[foodry-store-demo.myshopify.com/account/login4236.html]
[cdn.shopify.com/s/files/1/0414/0069/6999/t/2/assets/slick.html]
[cdn.shopify.com/s/files/1/0414/0069/6999/t/2/assets/slickd41d.html]
[cdn.shopify.com/s/files/1/0414/0069/6999/t/2/assets/slick-2.html]
[cdn.shopify.com/s/files/1/0414/0069/6999/t/6/assets/icon-for-mobile062d.html]
[cdn.shopify.com/s/files/1/0414/0069/6999/t/6/assets/icon-for-mobile_57x57062d.html]
[cdn.shopify.com/s/files/1/0414/0069/6999/t/6/assets/icon-for-mobile_60x60062d.html]
[cdn.shopify.com/s/files/1/0414/0069/6999/t/6/assets/icon-for-mobile_72x72062d.html]
[cdn.shopify.com/s/files/1/0414/0069/6999/t/6/assets/icon-for-mobile_76x76062d.html]
[cdn.shopify.com/s/files/1/0414/0069/6999/t/6/assets/icon-for-mobile_114x114062d.html]
[cdn.shopify.com/s/files/1/0414/0069/6999/t/6/assets/icon-for-mobile_120x120062d.html]
[cdn.shopify.com/s/files/1/0414/0069/6999/t/6/assets/icon-for-mobile_144x144062d.html]
[cdn.shopify.com/s/files/1/0414/0069/6999/t/6/assets/icon-for-mobile_152x152062d.html]
[cdn.shopify.com/s/files/1/0414/0069/6999/t/6/assets/logo062d.html]
[cdn.shopify.com/s/files/1/0414/0069/6999/t/6/assets/timber.scss5436.css]
[cdn.shopify.com/s/files/1/0414/0069/6999/t/6/assets/bootstrap.min0d61.css]
[cdn.shopify.com/s/files/1/0414/0069/6999/t/6/assets/slick97ee.css]
[cdn.shopify.com/s/files/1/0414/0069/6999/t/6/assets/ajax-loader.gif]
[cdn.shopify.com/s/files/1/0414/0069/6999/t/6/assets/slick.eot]
[cdn.shopify.com/s/files/1/0414/0069/6999/t/6/assets/slickd41d.eot]
[cdn.shopify.com/s/files/1/0414/0069/6999/t/6/assets/slick.svg]
[cdn.shopify.com/s/files/1/0414/0069/6999/t/6/assets/slick-theme2775.css]
[cdn.shopify.com/s/files/1/0414/0069/6999/t/6/assets/jquery.fancybox.min31da.css]
[cdn.shopify.com/s/files/1/0414/0069/6999/t/6/assets/style-main.scss6660.css]
[cdn.shopify.com/s/files/1/0414/0069/6999/t/6/assets/engo-customize.scssa893.css]
[cdn.shopify.com/s/files/1/0414/0069/6999/t/6/assets/animate.min4dd7.css]
[foodry-store-demo.myshopify.com/collections/all2679.html]
[cdn.shopify.com/s/files/1/0414/0069/6999/files/dark0e08.jpg]
[foodry-store-demo.myshopify.com/collections/all4658.html]
[foodry-store-demo.myshopify.com/collections/POST.html]
[cdn.shopify.com/s/global/search.css]
[foodry-store-demo.myshopify.com/search.html]
[foodry-store-demo.myshopify.com/collections/manual.html]
[foodry-store-demo.myshopify.com/collections/best-selling.html]
[foodry-store-demo.myshopify.com/collections/title-ascending.html]
[foodry-store-demo.myshopify.com/collections/price-descending.html]
[foodry-store-demo.myshopify.com/collections/price-ascending.html]
[foodry-store-demo.myshopify.com/collections/created-ascending.html]
[foodry-store-demo.myshopify.com/collections/created-descending.html]
[cdn.shopify.com/s/files/1/0414/0069/6999/t/6/compiled_assets/styles062d.css]
[cdn.shopify.com/s/files/1/0414/0069/6999/t/6/compiled_assets/scripts062d.js]
[foodry-store-demo.myshopify.com/pages/POST.html]
[cdn.shopify.com/s/files/1/0414/0069/6999/t/9/assets/icon-for-mobile062d.html]
[cdn.shopify.com/s/files/1/0414/0069/6999/t/9/assets/icon-for-mobile_57x57062d.html]
[cdn.shopify.com/s/files/1/0414/0069/6999/t/9/assets/icon-for-mobile_60x60062d.html]
[cdn.shopify.com/s/files/1/0414/0069/6999/t/9/assets/icon-for-mobile_72x72062d.html]
[cdn.shopify.com/s/files/1/0414/0069/6999/t/9/assets/icon-for-mobile_76x76062d.html]
[cdn.shopify.com/s/files/1/0414/0069/6999/t/9/assets/icon-for-mobile_114x114062d.html]
[cdn.shopify.com/s/files/1/0414/0069/6999/t/9/assets/icon-for-mobile_120x120062d.html]
[cdn.shopify.com/s/files/1/0414/0069/6999/t/9/assets/icon-for-mobile_144x144062d.html]
[cdn.shopify.com/s/files/1/0414/0069/6999/t/9/assets/icon-for-mobile_152x152062d.html]
[cdn.shopify.com/s/files/1/0414/0069/6999/t/9/assets/logo062d.html]
[cdn.shopify.com/s/files/1/0414/0069/6999/t/9/assets/timber.scss16bd.css]
[cdn.shopify.com/s/files/1/0414/0069/6999/t/9/assets/bootstrap.min0d61.css]
[cdn.shopify.com/s/files/1/0414/0069/6999/t/9/assets/slick97ee.css]
[cdn.shopify.com/s/files/1/0414/0069/6999/t/9/assets/ajax-loader.gif]
[cdn.shopify.com/s/files/1/0414/0069/6999/t/9/assets/slick.eot]
[cdn.shopify.com/s/files/1/0414/0069/6999/t/9/assets/slickd41d.eot]
[cdn.shopify.com/s/files/1/0414/0069/6999/t/9/assets/slick.svg]
[cdn.shopify.com/s/files/1/0414/0069/6999/t/9/assets/slick-theme2775.css]
[cdn.shopify.com/s/files/1/0414/0069/6999/t/9/assets/jquery.fancybox.min31da.css]
[cdn.shopify.com/s/files/1/0414/0069/6999/t/9/assets/style-main.scss6660.css]
[cdn.shopify.com/s/files/1/0414/0069/6999/t/9/assets/engo-customize.scss2f26.css]
[cdn.shopify.com/s/files/1/0414/0069/6999/t/9/assets/animate.min4dd7.css]
[cdn.shopify.com/s/files/1/0414/0069/6999/t/9/compiled_assets/styles062d.css]
[cdn.shopify.com/s/files/1/0414/0069/6999/t/9/compiled_assets/scripts062d.js]
[cdn.shopify.com/s/files/1/0414/0069/6999/t/10/assets/icon-for-mobile062d.html]
[cdn.shopify.com/s/files/1/0414/0069/6999/t/10/assets/icon-for-mobile_57x57062d.html]
[cdn.shopify.com/s/files/1/0414/0069/6999/t/10/assets/icon-for-mobile_60x60062d.html]
[cdn.shopify.com/s/files/1/0414/0069/6999/t/10/assets/icon-for-mobile_72x72062d.html]
[cdn.shopify.com/s/files/1/0414/0069/6999/t/10/assets/icon-for-mobile_76x76062d.html]
[cdn.shopify.com/s/files/1/0414/0069/6999/t/10/assets/icon-for-mobile_114x114062d.html]
[cdn.shopify.com/s/files/1/0414/0069/6999/t/10/assets/icon-for-mobile_120x120062d.html]
[cdn.shopify.com/s/files/1/0414/0069/6999/t/10/assets/icon-for-mobile_144x144062d.html]
[cdn.shopify.com/s/files/1/0414/0069/6999/t/10/assets/icon-for-mobile_152x152062d.html]
[cdn.shopify.com/s/files/1/0414/0069/6999/t/10/assets/logo062d.html]
[cdn.shopify.com/s/files/1/0414/0069/6999/t/10/assets/timber.scss6774.css]
[cdn.shopify.com/s/files/1/0414/0069/6999/t/10/assets/bootstrap.min0d61.css]
[cdn.shopify.com/s/files/1/0414/0069/6999/t/10/assets/slick97ee.css]
[cdn.shopify.com/s/files/1/0414/0069/6999/t/10/assets/ajax-loader.gif]
[cdn.shopify.com/s/files/1/0414/0069/6999/t/10/assets/slick.6ba.delayed]
[cdn.shopify.com/s/files/1/0414/0069/6999/t/10/assets/slickd41d.eot]
[cdn.shopify.com/s/files/1/0414/0069/6999/t/10/assets/slick.svg]
[cdn.shopify.com/s/files/1/0414/0069/6999/t/10/assets/slick-theme2775.css]
[cdn.shopify.com/s/files/1/0414/0069/6999/t/10/assets/jquery.fancybox.min31da.css]
[cdn.shopify.com/s/files/1/0414/0069/6999/t/10/assets/style-main.scss6660.css]
[cdn.shopify.com/s/files/1/0414/0069/6999/t/10/assets/engo-customize.scssc684.css]
[cdn.shopify.com/s/files/1/0414/0069/6999/t/10/assets/animate.min4dd7.css]
[cdn.shopify.com/s/files/1/0414/0069/6999/t/10/compiled_assets/styles062d.css]
[cdn.shopify.com/s/files/1/0414/0069/6999/t/10/compiled_assets/scripts062d.js]
[cdn.shopify.com/s/files/1/0414/0069/6999/t/7/assets/icon-for-mobile062d.html]
[cdn.shopify.com/s/files/1/0414/0069/6999/t/7/assets/icon-for-mobile_57x57062d.html]
[cdn.shopify.com/s/files/1/0414/0069/6999/t/7/assets/icon-for-mobile_60x60062d.html]
[cdn.shopify.com/s/files/1/0414/0069/6999/t/7/assets/icon-for-mobile_72x72062d.html]
[cdn.shopify.com/s/files/1/0414/0069/6999/t/7/assets/icon-for-mobile_76x76062d.html]
[cdn.shopify.com/s/files/1/0414/0069/6999/t/7/assets/icon-for-mobile_114x114062d.html]
[cdn.shopify.com/s/files/1/0414/0069/6999/t/7/assets/icon-for-mobile_120x120062d.html]
[cdn.shopify.com/s/files/1/0414/0069/6999/t/7/assets/icon-for-mobile_144x144062d.html]
[cdn.shopify.com/s/files/1/0414/0069/6999/t/7/assets/icon-for-mobile_152x152062d.html]
[cdn.shopify.com/s/files/1/0414/0069/6999/t/7/assets/logo062d.html]
[cdn.shopify.com/s/files/1/0414/0069/6999/t/7/assets/timber.scss958b.css]
[cdn.shopify.com/s/files/1/0414/0069/6999/t/7/assets/bootstrap.min0d61.css]
[cdn.shopify.com/s/files/1/0414/0069/6999/t/7/assets/slick97ee.css]
[cdn.shopify.com/s/files/1/0414/0069/6999/t/7/assets/ajax-loader.gif]
[cdn.shopify.com/s/files/1/0414/0069/6999/t/7/assets/slick.eot]
[cdn.shopify.com/s/files/1/0414/0069/6999/t/7/assets/slickd41d.eot]
[cdn.shopify.com/s/files/1/0414/0069/6999/t/7/assets/slick.svg]
[cdn.shopify.com/s/files/1/0414/0069/6999/t/7/assets/slick-theme2775.css]
[cdn.shopify.com/s/files/1/0414/0069/6999/t/7/assets/jquery.fancybox.min31da.css]
[cdn.shopify.com/s/files/1/0414/0069/6999/t/7/assets/style-main.scss6660.css]
[cdn.shopify.com/s/files/1/0414/0069/6999/t/7/assets/engo-customize.scss540d.css]
[cdn.shopify.com/s/files/1/0414/0069/6999/t/7/assets/animate.min4dd7.css]
[cdn.shopify.com/s/files/1/0414/0069/6999/t/7/compiled_assets/styles062d.css]
[cdn.shopify.com/s/files/1/0414/0069/6999/t/7/compiled_assets/scripts062d.js]
[cdn.shopify.com/s/files/1/0414/0069/6999/t/14/assets/icon-for-mobile062d.html]
[cdn.shopify.com/s/files/1/0414/0069/6999/t/14/assets/icon-for-mobile_57x57062d.html]
[cdn.shopify.com/s/files/1/0414/0069/6999/t/14/assets/icon-for-mobile_60x60062d.html]
[cdn.shopify.com/s/files/1/0414/0069/6999/t/14/assets/icon-for-mobile_72x72062d.html]
[cdn.shopify.com/s/files/1/0414/0069/6999/t/14/assets/icon-for-mobile_76x76062d.html]
[cdn.shopify.com/s/files/1/0414/0069/6999/t/14/assets/icon-for-mobile_114x114062d.html]
[cdn.shopify.com/s/files/1/0414/0069/6999/t/14/assets/icon-for-mobile_120x120062d.html]
[cdn.shopify.com/s/files/1/0414/0069/6999/t/14/assets/icon-for-mobile_144x144062d.html]
[cdn.shopify.com/s/files/1/0414/0069/6999/t/14/assets/icon-for-mobile_152x152062d.html]
[cdn.shopify.com/s/files/1/0414/0069/6999/t/14/assets/logo062d.html]
[cdn.shopify.com/s/files/1/0414/0069/6999/t/14/assets/timber.scss9ceb.css]
[cdn.shopify.com/s/files/1/0414/0069/6999/t/14/assets/bootstrap.min0d61.css]
[cdn.shopify.com/s/files/1/0414/0069/6999/t/14/assets/slick97ee.css]
[cdn.shopify.com/s/files/1/0414/0069/6999/t/14/assets/ajax-loader.gif]
[cdn.shopify.com/s/files/1/0414/0069/6999/t/14/assets/slick.eot]
[cdn.shopify.com/s/files/1/0414/0069/6999/t/14/assets/slickd41d.eot]
[cdn.shopify.com/s/files/1/0414/0069/6999/t/14/assets/slick.svg]
[cdn.shopify.com/s/files/1/0414/0069/6999/t/14/assets/slick-theme2775.css]
[cdn.shopify.com/s/files/1/0414/0069/6999/t/14/assets/jquery.fancybox.min31da.css]
[cdn.shopify.com/s/files/1/0414/0069/6999/t/14/assets/style-main.scss6660.css]
[cdn.shopify.com/s/files/1/0414/0069/6999/t/14/assets/engo-customize.scssbcc8.css]
[cdn.shopify.com/s/files/1/0414/0069/6999/t/14/assets/animate.min4dd7.css]
[foodry-store-demo.myshopify.com/account/POST.html]
[cdn.shopify.com/s/files/1/0414/0069/6999/t/14/compiled_assets/styles062d.css]
[cdn.shopify.com/s/files/1/0414/0069/6999/t/14/compiled_assets/scripts062d.js]
[foodry-store-demo.myshopify.com/blogs/news.atom]
[foodry-store-demo.myshopify.com/blogs/news4658.html]
[foodry-store-demo.myshopify.com/blogs/POST]
[foodry-store-demo.myshopify.com/blogs/news/the-reason-why-you-should-have-a-pet-dog.html]
[cdn.shopify.com/s/files/1/0414/0069/6999/articles/blog1_1024x102417ca.jpg]
[cdn.shopify.com/s/files/1/0414/0069/6999/articles/blog3_b87a7fb9-a64e-4f8e-a7cb-5e86cb97784d_1024x10248548.jpg]
[cdn.shopify.com/s/files/1/0414/0069/6999/articles/blog4_b2ed8ee8-5f7a-4a8f-b37a-3b4b49ccad9d_1024x1024f004.jpg]
[foodry-store-demo.myshopify.com/blogs/news/little-peace-or-goodwill.html]
[cdn.shopify.com/s/files/1/0414/0069/6999/articles/blog5_cccb7d33-29bd-4cd2-bcad-b09048c18990_1024x1024fdaa.jpg]
[cdn.shopify.com/s/files/1/0414/0069/6999/articles/blog8_1024x1024161d.jpg]
[foodry-store-demo.myshopify.com/blogs/news/busilness-strategy-consulting.html]
[cdn.shopify.com/s/files/1/0414/0069/6999/articles/blog7_1024x1024af1e.jpg]
[foodry-store-demo.myshopify.com/blogs/news.html]
[foodry-store-demo.myshopify.com/blogs/news/POST]
[foodry-store-demo.myshopify.com/blogs/news/how-all-this-mistaken-idea.html]
[foodry-store-demo.myshopify.com/blogs/news/spring-summer-fashion.html]
[foodry-store-demo.myshopify.com/blogs/news/search-the-vet-for-your-pet-video.html]
[foodry-store-demo.myshopify.com/products/POST.html]
[pinterest.com/pin/create/button/indexf1ca.html]
[foodry-store-demo.myshopify.com/blogs/news/how-all-this-mistaken-idea/index.html]
[foodry-store-demo.myshopify.com/blogs/news/search-the-vet-for-your-pet-video/index.html]
[foodry-store-demo.myshopify.com/blogs/news/spring-summer-fashion/index.html]
[foodry-store-demo.myshopify.com/collections/new/products/POST.73c.delayed]
[foodry-store-demo.myshopify.com/collections/new/products/wilderness-dry-dog-food.html]
[foodry-store-demo.myshopify.com/collections/new/products/royal-canin-medium-1.html]
[foodry-store-demo.myshopify.com/collections/new/products/royal-canin-maxi-adult.html]
[foodry-store-demo.myshopify.com/collections/new/products/royal-canin-maxi-5.html]
[foodry-store-demo.myshopify.com/collections/new/products/rocco-classic.html]
[foodry-store-demo.myshopify.com/collections/new/products/pro-plan-puppy.html]
[foodry-store-demo.myshopify.com/collections/new/products/pedigree-dentastix.html]
[foodry-store-demo.myshopify.com/collections/new/products/norwegian-forest-cat.html]
[foodry-store-demo.myshopify.com/collections/new/products/dry-dog-food.html]
[foodry-store-demo.myshopify.com/collections/new/products/royal-canin-exigent-cats-1.html]
[foodry-store-demo.myshopify.com/collections/new/products/royal-canin-exigent-cats.html]
[foodry-store-demo.myshopify.com/collections/new/products/royal-canin-exigent-cats-2.html]
[foodry-store-demo.myshopify.com/collections/new/products/wet-cat-food.html]
[foodry-store-demo.myshopify.com/collections/new/products/almo-nature-daily.html]
[foodry-store-demo.myshopify.com/collections/frontpage.atom]
[foodry-store-demo.myshopify.com/collections/frontpage.oembed]
[foodry-store-demo.myshopify.com/collections/frontpage4658.html]
[foodry-store-demo.myshopify.com/collections/frontpage/products/royal-canin-exigent-cats.html]
[foodry-store-demo.myshopify.com/collections/frontpage/products/royal-canin-exigent-cats-1.html]
[foodry-store-demo.myshopify.com/collections/frontpage/products/royal-canin-exigent-cats-2.html]
[foodry-store-demo.myshopify.com/collections/frontpage/products/wet-cat-food.html]
[foodry-store-demo.myshopify.com/collections/frontpage/products/wellbeloved-dry-dog-food.html]
[foodry-store-demo.myshopify.com/collections/frontpage/products/veterinary-diet-canine.html]
[foodry-store-demo.myshopify.com/collections/frontpage/products/wilderness-dry-dog-food.html]
[foodry-store-demo.myshopify.com/collections/frontpage/products/royal-canin-medium-1.html]
[foodry-store-demo.myshopify.com/collections/frontpage/products/royal-canin-maxi-adult.html]
[foodry-store-demo.myshopify.com/collections/frontpage/products/royal-canin-maxi-5.html]
[foodry-store-demo.myshopify.com/collections/frontpage/products/rocco-classic.html]
[foodry-store-demo.myshopify.com/collections/frontpage/products/pro-plan-puppy.html]
[foodry-store-demo.myshopify.com/collections/frontpage/products/pedigree-dentastix.html]
[foodry-store-demo.myshopify.com/collections/frontpage/products/norwegian-forest-cat.html]
[foodry-store-demo.myshopify.com/collections/frontpage/products/dry-dog-food.html]
[foodry-store-demo.myshopify.com/collections/frontpage.html]
[foodry-store-demo.myshopify.com/collections/frontpage/products/almo-nature-daily.html]
[foodry-store-demo.myshopify.com/collections/new.atom]
[foodry-store-demo.myshopify.com/collections/new4658.html]
[foodry-store-demo.myshopify.com/collections/new.oembed]
[foodry-store-demo.myshopify.com/collections/new.html]
[foodry-store-demo.myshopify.com/collections/new/products/wellbeloved-dry-dog-food.html]
[foodry-store-demo.myshopify.com/collections/new/products/veterinary-diet-canine.html]
[pinterest.com/pin/create/button/index2889.html]
[foodry-store-demo.myshopify.com/collections/sale.atom]
[foodry-store-demo.myshopify.com/collections/sale.oembed]
[foodry-store-demo.myshopify.com/collections/sale/products/royal-canin-exigent-cats.html]
[foodry-store-demo.myshopify.com/collections/sale/products/veterinary-diet-canine.html]
[foodry-store-demo.myshopify.com/collections/sale/products/rocco-classic.html]
[foodry-store-demo.myshopify.com/collections/sale/products/pedigree-dentastix.html]
[foodry-store-demo.myshopify.com/collections/sale/products/almo-nature-daily.html]
[foodry-store-demo.myshopify.com/collections/sale.html]
[pinterest.com/pin/create/button/index6f7c.html]
[pinterest.com/pin/create/button/indexf6de.html]
[pinterest.com/pin/create/button/indexc7e6.html]
[pinterest.com/pin/create/button/indexda0d.html]
[pinterest.com/pin/create/button/index29a6.html]
[pinterest.com/pin/create/button/indexf2a1.html]
[pinterest.com/pin/create/button/indexc00d.html]
[pinterest.com/pin/create/button/indexe167.html]
[pinterest.com/pin/create/button/indexb7e0.html]
[pinterest.com/pin/create/button/indexf13c.html]
[pinterest.com/pin/create/button/indexab86.html]
[pinterest.com/pin/create/button/index3657.html]
[cdn.shopify.com/s/files/1/0414/0069/6999/files/yellow062d.html]
[pinterest.com/pin/create/button/index2ab9.html]
[pinterest.com/pin/create/button/indexb562.html]
[cdn.shopify.com/s/files/1/0414/0069/6999/t/6/assets/slick.html]
[cdn.shopify.com/s/files/1/0414/0069/6999/t/6/assets/slickd41d.html]
[cdn.shopify.com/s/files/1/0414/0069/6999/t/6/assets/slick-2.html]
[foodry-store-demo.myshopify.com/collections/all2679.html]
[cdn.shopify.com/s/global/search.css]
[cdn.shopify.com/s/files/1/0414/0069/6999/t/9/assets/slick.html]
[cdn.shopify.com/s/files/1/0414/0069/6999/t/9/assets/slickd41d.html]
[cdn.shopify.com/s/files/1/0414/0069/6999/t/9/assets/slick-2.html]
[cdn.shopify.com/s/files/1/0414/0069/6999/t/10/assets/slick.html]
[cdn.shopify.com/s/files/1/0414/0069/6999/t/10/assets/slickd41d.html]
[cdn.shopify.com/s/files/1/0414/0069/6999/t/10/assets/slick-2.html]
[cdn.shopify.com/s/files/1/0414/0069/6999/t/7/assets/slick.html]
[cdn.shopify.com/s/files/1/0414/0069/6999/t/7/assets/slickd41d.html]
[cdn.shopify.com/s/files/1/0414/0069/6999/t/7/assets/slick-2.html]
[cdn.shopify.com/s/files/1/0414/0069/6999/t/14/assets/slick.html]
[cdn.shopify.com/s/files/1/0414/0069/6999/t/14/assets/slickd41d.html]
[cdn.shopify.com/s/files/1/0414/0069/6999/t/14/assets/slick-2.html]
[foodry-store-demo.myshopify.com/blogs/news2679.html]
[foodry-store-demo.myshopify.com/blogs/news/teach-children-about-pets.html]
[cdn.shopify.com/s/files/1/0414/0069/6999/articles/blog8_da6e6ff7-4929-43b6-886c-05afd62e8be0_1024x1024ed7c.jpg]
[foodry-store-demo.myshopify.com/blogs/news/do-not-overfeed-your-pet.html]
[cdn.shopify.com/s/files/1/0414/0069/6999/articles/blog9_1024x1024b7b8.jpg]
[foodry-store-demo.myshopify.com/blogs/news4658.html]
[foodry-store-demo.myshopify.com/blogs/POST.html]
[foodry-store-demo.myshopify.com/blogs/news/the-reason-why-you-should-have-a-pet-dog.html]
[foodry-store-demo.myshopify.com/blogs/news/little-peace-or-goodwill.html]
[foodry-store-demo.myshopify.com/blogs/news/the-reason-why-you-should-have-a-pet-dog/index.html]
[foodry-store-demo.myshopify.com/blogs/news/busilness-strategy-consulting.html]
[foodry-store-demo.myshopify.com/blogs/news/POST.html]
[foodry-store-demo.myshopify.com/blogs/news/little-peace-or-goodwill/index.html]
[foodry-store-demo.myshopify.com/blogs/news/busilness-strategy-consulting/index.html]
[foodry-store-demo.myshopify.com/blogs/news/how-all-this-mistaken-idea/POST.928.delayed]
[foodry-store-demo.myshopify.com/blogs/news/how-all-this-mistaken-idea/index.html]
[foodry-store-demo.myshopify.com/blogs/news/spring-summer-fashion/POST]
[foodry-store-demo.myshopify.com/blogs/news/spring-summer-fashion/index.html]
[foodry-store-demo.myshopify.com/blogs/news/search-the-vet-for-your-pet-video/POST]
[foodry-store-demo.myshopify.com/blogs/news/search-the-vet-for-your-pet-video/index.html]
[pinterest.com/pin/create/button/indexd80b.html]
[foodry-store-demo.myshopify.com/collections/new/products/POST.html]
[foodry-store-demo.myshopify.com/collections/new/products/wilderness-dry-dog-food.html]
[foodry-store-demo.myshopify.com/collections/new/products/royal-canin-medium-1.html]
[foodry-store-demo.myshopify.com/collections/new/products/royal-canin-maxi-adult.html]
[foodry-store-demo.myshopify.com/collections/new/products/royal-canin-maxi-5.html]
[foodry-store-demo.myshopify.com/collections/new/products/rocco-classic.html]
[foodry-store-demo.myshopify.com/collections/new/products/pro-plan-puppy.html]
[foodry-store-demo.myshopify.com/collections/new/products/pedigree-dentastix.html]
[foodry-store-demo.myshopify.com/collections/new/products/norwegian-forest-cat.html]
[foodry-store-demo.myshopify.com/collections/new/products/dry-dog-food.html]
[foodry-store-demo.myshopify.com/collections/new/products/almo-nature-daily.html]
[foodry-store-demo.myshopify.com/collections/frontpage2679.html]
[foodry-store-demo.myshopify.com/collections/frontpage4658.oembed]
[foodry-store-demo.myshopify.com/collections/frontpage4658.html]
[foodry-store-demo.myshopify.com/collections/frontpage/products/POST]
[foodry-store-demo.myshopify.com/collections/frontpage/products/royal-canin-exigent-cats-1.html]
[foodry-store-demo.myshopify.com/collections/frontpage/products/royal-canin-exigent-cats.html]
[foodry-store-demo.myshopify.com/collections/frontpage/products/royal-canin-exigent-cats-2.html]
[foodry-store-demo.myshopify.com/collections/frontpage/products/wet-cat-food.html]
[foodry-store-demo.myshopify.com/collections/frontpage/products/wellbeloved-dry-dog-food.html]
[foodry-store-demo.myshopify.com/collections/frontpage/products/veterinary-diet-canine.html]
[foodry-store-demo.myshopify.com/collections/frontpage/products/wilderness-dry-dog-food.html]
[foodry-store-demo.myshopify.com/collections/frontpage/products/royal-canin-medium-1.html]
[foodry-store-demo.myshopify.com/collections/frontpage/products/royal-canin-maxi-adult.html]
[foodry-store-demo.myshopify.com/collections/frontpage/products/royal-canin-maxi-5.html]
[foodry-store-demo.myshopify.com/collections/frontpage/products/rocco-classic.html]
[foodry-store-demo.myshopify.com/collections/frontpage/products/pro-plan-puppy.html]
[foodry-store-demo.myshopify.com/collections/frontpage/products/pedigree-dentastix.html]
[foodry-store-demo.myshopify.com/collections/frontpage/products/norwegian-forest-cat.html]
[foodry-store-demo.myshopify.com/collections/frontpage/products/dry-dog-food.html]
[foodry-store-demo.myshopify.com/collections/frontpage/products/almo-nature-daily.html]
[foodry-store-demo.myshopify.com/collections/new2679.html]
[foodry-store-demo.myshopify.com/collections/new4658.oembed]
[foodry-store-demo.myshopify.com/collections/new4658.html]
[pinterest.com/pin/create/button/index9137.html]
[foodry-store-demo.myshopify.com/collections/sale/products/POST]
[foodry-store-demo.myshopify.com/collections/sale/products/royal-canin-exigent-cats.html]
[foodry-store-demo.myshopify.com/collections/sale/products/veterinary-diet-canine.html]
[foodry-store-demo.myshopify.com/collections/sale/products/rocco-classic.html]
[foodry-store-demo.myshopify.com/collections/sale/products/pedigree-dentastix.html]
[foodry-store-demo.myshopify.com/collections/sale/products/almo-nature-daily.html]
[pinterest.com/pin/create/button/indexc839.html]
[pinterest.com/pin/create/button/index2c97.html]
[pinterest.com/pin/create/button/index9eb9.html]
[pinterest.com/pin/create/button/index4aae.html]
[pinterest.com/pin/create/button/index4f7c.html]
[pinterest.com/pin/create/button/index5d12.html]
[pinterest.com/pin/create/button/index5650.html]
[pinterest.com/pin/create/button/indexfd75.html]
[pinterest.com/pin/create/button/index479d.html]
[pinterest.com/pin/create/button/index9cd9.html]
[pinterest.com/pin/create/button/index0f4b.html]
[pinterest.com/pin/create/button/indexf26b.html]
[pinterest.com/pin/create/button/indexd4cf.html]
[pinterest.com/pin/create/button/indexa20b.html]
[foodry-store-demo.myshopify.com/blogs/news2679.html]
[foodry-store-demo.myshopify.com/blogs/news/teach-children-about-pets.html]
[foodry-store-demo.myshopify.com/blogs/news/teach-children-about-pets/index.html]
[foodry-store-demo.myshopify.com/blogs/news/tagged/fast-food.html]
[foodry-store-demo.myshopify.com/blogs/news/do-not-overfeed-your-pet.html]
[foodry-store-demo.myshopify.com/blogs/news/tagged/food.html]
[foodry-store-demo.myshopify.com/blogs/news/do-not-overfeed-your-pet/index.html]
[foodry-store-demo.myshopify.com/blogs/news/the-reason-why-you-should-have-a-pet-dog/POST]
[foodry-store-demo.myshopify.com/blogs/news/the-reason-why-you-should-have-a-pet-dog/index.html]
[foodry-store-demo.myshopify.com/blogs/news/little-peace-or-goodwill/POST]
[foodry-store-demo.myshopify.com/blogs/news/little-peace-or-goodwill/index.html]
[foodry-store-demo.myshopify.com/blogs/news/busilness-strategy-consulting/POST]
[foodry-store-demo.myshopify.com/blogs/news/busilness-strategy-consulting/index.html]
[foodry-store-demo.myshopify.com/blogs/news/how-all-this-mistaken-idea/POST.html]
[foodry-store-demo.myshopify.com/blogs/news/spring-summer-fashion/POST.html]
[foodry-store-demo.myshopify.com/blogs/news/search-the-vet-for-your-pet-video/POST.html]
[foodry-store-demo.myshopify.com/collections/frontpage2679.html]
[foodry-store-demo.myshopify.com/collections/frontpage/products/POST.html]
[foodry-store-demo.myshopify.com/collections/new2679.html]
[foodry-store-demo.myshopify.com/collections/sale/products/POST.html]
[scontent.cdninstagram.com/v/t51.2885-15/sh0.08/e35/s640x640/49384729_217313675838893_3265300670721368687_n43a8.jpg]
[foodry-store-demo.myshopify.com/blogs/news/teach-children-about-pets/POST]
[foodry-store-demo.myshopify.com/blogs/news/teach-children-about-pets/index.html]
[foodry-store-demo.myshopify.com/blogs/news/do-not-overfeed-your-pet/POST]
[foodry-store-demo.myshopify.com/blogs/news/do-not-overfeed-your-pet/index.html]
[foodry-store-demo.myshopify.com/blogs/news/tagged/fast-food.atom]
[foodry-store-demo.myshopify.com/blogs/news/tagged/POST]
[foodry-store-demo.myshopify.com/blogs/news/tagged/fast-food.html]
[foodry-store-demo.myshopify.com/blogs/news/tagged/food.html]
[foodry-store-demo.myshopify.com/blogs/news/the-reason-why-you-should-have-a-pet-dog/POST.html]
[foodry-store-demo.myshopify.com/blogs/news/little-peace-or-goodwill/POST.html]
[foodry-store-demo.myshopify.com/blogs/news/busilness-strategy-consulting/POST.html]
[foodry-store-demo.myshopify.com/blogs/news/teach-children-about-pets/POST.html]
[foodry-store-demo.myshopify.com/blogs/news/do-not-overfeed-your-pet/POST.html]
[foodry-store-demo.myshopify.com/blogs/news/tagged/POST.html]
[foodry-store-demo.myshopify.com/blogs/news/tagged/food.atom]
